// Jest Snapshot v1, https://goo.gl/fbAQLP

exports[`PublishArea ui render render 1`] = `
ShallowWrapper {
  "length": 1,
  Symbol(enzyme.__root__): [Circular],
  Symbol(enzyme.__unrendered__): <PublishArea
    onSubmit={[Function]}
/>,
  Symbol(enzyme.__renderer__): Object {
    "batchedUpdates": [Function],
    "getNode": [Function],
    "render": [Function],
    "simulateEvent": [Function],
    "unmount": [Function],
  },
  Symbol(enzyme.__node__): Object {
    "instance": null,
    "key": undefined,
    "nodeType": "host",
    "props": Object {
      "children": Array [
        <div
          className="head"
/>,
        "",
        <div
          className="form-group"
>
          <textarea
                    className="no-resize"
                    data-type="textarea"
                    onChange={[Function]}
                    placeholder="请输入内容"
                    value=""
          />
</div>,
        <div
          className="form-group"
>
          <button
                    className="btn-small"
                    onSubmit={[Function]}
                    type="submit"
          >
                    提交
          </button>
</div>,
      ],
      "className": "border-3 publisharea-wrapper",
      "onSubmit": [Function],
    },
    "ref": null,
    "rendered": Array [
      Object {
        "instance": null,
        "key": undefined,
        "nodeType": "host",
        "props": Object {
          "children": undefined,
          "className": "head",
        },
        "ref": null,
        "rendered": null,
        "type": "div",
      },
      "",
      Object {
        "instance": null,
        "key": undefined,
        "nodeType": "host",
        "props": Object {
          "children": <textarea
            className="no-resize"
            data-type="textarea"
            onChange={[Function]}
            placeholder="请输入内容"
            value=""
/>,
          "className": "form-group",
        },
        "ref": null,
        "rendered": Object {
          "instance": null,
          "key": undefined,
          "nodeType": "host",
          "props": Object {
            "className": "no-resize",
            "data-type": "textarea",
            "onChange": [Function],
            "placeholder": "请输入内容",
            "value": "",
          },
          "ref": null,
          "rendered": null,
          "type": "textarea",
        },
        "type": "div",
      },
      Object {
        "instance": null,
        "key": undefined,
        "nodeType": "host",
        "props": Object {
          "children": <button
            className="btn-small"
            onSubmit={[Function]}
            type="submit"
>
            提交
</button>,
          "className": "form-group",
        },
        "ref": null,
        "rendered": Object {
          "instance": null,
          "key": undefined,
          "nodeType": "host",
          "props": Object {
            "children": "提交",
            "className": "btn-small",
            "onSubmit": [Function],
            "type": "submit",
          },
          "ref": null,
          "rendered": "提交",
          "type": "button",
        },
        "type": "div",
      },
    ],
    "type": "form",
  },
  Symbol(enzyme.__nodes__): Array [
    Object {
      "instance": null,
      "key": undefined,
      "nodeType": "host",
      "props": Object {
        "children": Array [
          <div
            className="head"
/>,
          "",
          <div
            className="form-group"
>
            <textarea
                        className="no-resize"
                        data-type="textarea"
                        onChange={[Function]}
                        placeholder="请输入内容"
                        value=""
            />
</div>,
          <div
            className="form-group"
>
            <button
                        className="btn-small"
                        onSubmit={[Function]}
                        type="submit"
            >
                        提交
            </button>
</div>,
        ],
        "className": "border-3 publisharea-wrapper",
        "onSubmit": [Function],
      },
      "ref": null,
      "rendered": Array [
        Object {
          "instance": null,
          "key": undefined,
          "nodeType": "host",
          "props": Object {
            "children": undefined,
            "className": "head",
          },
          "ref": null,
          "rendered": null,
          "type": "div",
        },
        "",
        Object {
          "instance": null,
          "key": undefined,
          "nodeType": "host",
          "props": Object {
            "children": <textarea
              className="no-resize"
              data-type="textarea"
              onChange={[Function]}
              placeholder="请输入内容"
              value=""
/>,
            "className": "form-group",
          },
          "ref": null,
          "rendered": Object {
            "instance": null,
            "key": undefined,
            "nodeType": "host",
            "props": Object {
              "className": "no-resize",
              "data-type": "textarea",
              "onChange": [Function],
              "placeholder": "请输入内容",
              "value": "",
            },
            "ref": null,
            "rendered": null,
            "type": "textarea",
          },
          "type": "div",
        },
        Object {
          "instance": null,
          "key": undefined,
          "nodeType": "host",
          "props": Object {
            "children": <button
              className="btn-small"
              onSubmit={[Function]}
              type="submit"
>
              提交
</button>,
            "className": "form-group",
          },
          "ref": null,
          "rendered": Object {
            "instance": null,
            "key": undefined,
            "nodeType": "host",
            "props": Object {
              "children": "提交",
              "className": "btn-small",
              "onSubmit": [Function],
              "type": "submit",
            },
            "ref": null,
            "rendered": "提交",
            "type": "button",
          },
          "type": "div",
        },
      ],
      "type": "form",
    },
  ],
  Symbol(enzyme.__options__): Object {
    "adapter": ReactSixteenAdapter {
      "options": Object {
        "enableComponentDidUpdateOnSetState": true,
      },
    },
  },
}
`;
